[
  {
    "Description": "Regedit.exe Last Key Viewed",
    "Category": "System Info",
    "OSPath": "HKEY_USERS\\user1\\Software\\Microsoft\\Windows\\CurrentVersion\\Applets",
    "Mtime": "2014-09-16T02:20:01Z",
    "Details": {
      "Regedit": {
        "LastKey": "Computer\\HKEY_CLASSES_ROOT\\Local Settings\\Software\\Microsoft\\Windows\\Shell\\BagMRU\\1",
        "Favorites": {}
      }
    }
  }
]